// Jest Snapshot v1, https://goo.gl/fbAQLP

exports[`Clock it should match snapshot 1`] = `
<div
  className="clock"
>
  11
  :
  34
</div>
`;
